// Jest Snapshot v1, https://goo.gl/fbAQLP

exports[`minimal usage 1`] = `
Object {
  "Outputs": Object {
    "distributionDomainName": Object {
      "Value": Object {
        "Fn::GetAtt": Array [
          "dist3D2177D6",
          "DomainName",
        ],
      },
    },
  },
  "Parameters": Object {
    "AssetParametersced7ef29fc10ca9ff8d83d3a75dc528b0b5e4003835d12d44aefc3a0f7a8d7e4ArtifactHashD6DEF445": Object {
      "Description": "Artifact hash for asset \\"ced7ef29fc10ca9ff8d83d3a75dc528b0b5e4003835d12d44aefc3a0f7a8d7e4\\"",
      "Type": "String",
    },
    "AssetParametersced7ef29fc10ca9ff8d83d3a75dc528b0b5e4003835d12d44aefc3a0f7a8d7e4S3Bucket09F988EA": Object {
      "Description": "S3 bucket for asset \\"ced7ef29fc10ca9ff8d83d3a75dc528b0b5e4003835d12d44aefc3a0f7a8d7e4\\"",
      "Type": "String",
    },
    "AssetParametersced7ef29fc10ca9ff8d83d3a75dc528b0b5e4003835d12d44aefc3a0f7a8d7e4S3VersionKeyD7D49982": Object {
      "Description": "S3 key for asset version \\"ced7ef29fc10ca9ff8d83d3a75dc528b0b5e4003835d12d44aefc3a0f7a8d7e4\\"",
      "Type": "String",
    },
    "AssetParametersd28ed0c74c7cb579f7dc0570bbafd6f1c4ee3df3e8fc2ac2dc8fe568957cc131ArtifactHash8E8845A3": Object {
      "Description": "Artifact hash for asset \\"d28ed0c74c7cb579f7dc0570bbafd6f1c4ee3df3e8fc2ac2dc8fe568957cc131\\"",
      "Type": "String",
    },
    "AssetParametersd28ed0c74c7cb579f7dc0570bbafd6f1c4ee3df3e8fc2ac2dc8fe568957cc131S3Bucket954CD2C0": Object {
      "Description": "S3 bucket for asset \\"d28ed0c74c7cb579f7dc0570bbafd6f1c4ee3df3e8fc2ac2dc8fe568957cc131\\"",
      "Type": "String",
    },
    "AssetParametersd28ed0c74c7cb579f7dc0570bbafd6f1c4ee3df3e8fc2ac2dc8fe568957cc131S3VersionKey329A3B72": Object {
      "Description": "S3 key for asset version \\"d28ed0c74c7cb579f7dc0570bbafd6f1c4ee3df3e8fc2ac2dc8fe568957cc131\\"",
      "Type": "String",
    },
  },
  "Resources": Object {
    "OrigReqPolicyBF71F31A": Object {
      "Properties": Object {
        "OriginRequestPolicyConfig": Object {
          "CookiesConfig": Object {
            "CookieBehavior": "none",
          },
          "HeadersConfig": Object {
            "HeaderBehavior": "whitelist",
            "Headers": Array [
              "cloudfront-viewer-country",
            ],
          },
          "Name": "demostackOrigReqPolicyE18619B9",
          "QueryStringsConfig": Object {
            "QueryStringBehavior": "none",
          },
        },
      },
      "Type": "AWS::CloudFront::OriginRequestPolicy",
    },
    "SelectOriginByCountryCodeNestedStackSelectOriginByCountryCodeNestedStackResource2947FB41": Object {
      "DeletionPolicy": "Delete",
      "Properties": Object {
        "TemplateURL": Object {
          "Fn::Join": Array [
            "",
            Array [
              "https://s3.",
              Object {
                "Ref": "AWS::Region",
              },
              ".",
              Object {
                "Ref": "AWS::URLSuffix",
              },
              "/",
              Object {
                "Ref": "AssetParametersced7ef29fc10ca9ff8d83d3a75dc528b0b5e4003835d12d44aefc3a0f7a8d7e4S3Bucket09F988EA",
              },
              "/",
              Object {
                "Fn::Select": Array [
                  0,
                  Object {
                    "Fn::Split": Array [
                      "||",
                      Object {
                        "Ref": "AssetParametersced7ef29fc10ca9ff8d83d3a75dc528b0b5e4003835d12d44aefc3a0f7a8d7e4S3VersionKeyD7D49982",
                      },
                    ],
                  },
                ],
              },
              Object {
                "Fn::Select": Array [
                  1,
                  Object {
                    "Fn::Split": Array [
                      "||",
                      Object {
                        "Ref": "AssetParametersced7ef29fc10ca9ff8d83d3a75dc528b0b5e4003835d12d44aefc3a0f7a8d7e4S3VersionKeyD7D49982",
                      },
                    ],
                  },
                ],
              },
            ],
          ],
        },
      },
      "Type": "AWS::CloudFormation::Stack",
      "UpdateReplacePolicy": "Delete",
    },
    "SelectOriginViewerCountryFuncA5BF3003": Object {
      "DependsOn": Array [
        "SelectOriginViewerCountryFuncServiceRoleBA81B955",
      ],
      "Properties": Object {
        "Code": Object {
          "S3Bucket": Object {
            "Ref": "AssetParametersd28ed0c74c7cb579f7dc0570bbafd6f1c4ee3df3e8fc2ac2dc8fe568957cc131S3Bucket954CD2C0",
          },
          "S3Key": Object {
            "Fn::Join": Array [
              "",
              Array [
                Object {
                  "Fn::Select": Array [
                    0,
                    Object {
                      "Fn::Split": Array [
                        "||",
                        Object {
                          "Ref": "AssetParametersd28ed0c74c7cb579f7dc0570bbafd6f1c4ee3df3e8fc2ac2dc8fe568957cc131S3VersionKey329A3B72",
                        },
                      ],
                    },
                  ],
                },
                Object {
                  "Fn::Select": Array [
                    1,
                    Object {
                      "Fn::Split": Array [
                        "||",
                        Object {
                          "Ref": "AssetParametersd28ed0c74c7cb579f7dc0570bbafd6f1c4ee3df3e8fc2ac2dc8fe568957cc131S3VersionKey329A3B72",
                        },
                      ],
                    },
                  ],
                },
              ],
            ],
          },
        },
        "Handler": "index.handler",
        "Role": Object {
          "Fn::GetAtt": Array [
            "SelectOriginViewerCountryFuncServiceRoleBA81B955",
            "Arn",
          ],
        },
        "Runtime": "nodejs12.x",
      },
      "Type": "AWS::Lambda::Function",
    },
    "SelectOriginViewerCountryFuncCurrentVersion32A1D59Bfe3ee639eeb49e2cb1229a16fee32e6f": Object {
      "Properties": Object {
        "FunctionName": Object {
          "Ref": "SelectOriginViewerCountryFuncA5BF3003",
        },
      },
      "Type": "AWS::Lambda::Version",
    },
    "SelectOriginViewerCountryFuncServiceRoleBA81B955": Object {
      "Properties": Object {
        "AssumeRolePolicyDocument": Object {
          "Statement": Array [
            Object {
              "Action": "sts:AssumeRole",
              "Effect": "Allow",
              "Principal": Object {
                "Service": "lambda.amazonaws.com",
              },
            },
            Object {
              "Action": "sts:AssumeRole",
              "Effect": "Allow",
              "Principal": Object {
                "Service": "edgelambda.amazonaws.com",
              },
            },
          ],
          "Version": "2012-10-17",
        },
        "ManagedPolicyArns": Array [
          Object {
            "Fn::Join": Array [
              "",
              Array [
                "arn:",
                Object {
                  "Ref": "AWS::Partition",
                },
                ":iam::aws:policy/service-role/AWSLambdaBasicExecutionRole",
              ],
            ],
          },
        ],
      },
      "Type": "AWS::IAM::Role",
    },
    "dist3D2177D6": Object {
      "Properties": Object {
        "DistributionConfig": Object {
          "DefaultCacheBehavior": Object {
            "CachePolicyId": "658327ea-f89d-4fab-a63d-7e88639e58f6",
            "Compress": true,
            "LambdaFunctionAssociations": Array [
              Object {
                "EventType": "origin-request",
                "LambdaFunctionARN": Object {
                  "Ref": "SelectOriginViewerCountryFuncCurrentVersion32A1D59Bfe3ee639eeb49e2cb1229a16fee32e6f",
                },
              },
            ],
            "OriginRequestPolicyId": Object {
              "Ref": "OrigReqPolicyBF71F31A",
            },
            "TargetOriginId": "demostackdistOrigin17D988893",
            "ViewerProtocolPolicy": "allow-all",
          },
          "Enabled": true,
          "HttpVersion": "http2",
          "IPV6Enabled": true,
          "Origins": Array [
            Object {
              "CustomOriginConfig": Object {
                "OriginProtocolPolicy": "https-only",
                "OriginSSLProtocols": Array [
                  "TLSv1.2",
                ],
              },
              "DomainName": "aws.amazon.com",
              "Id": "demostackdistOrigin17D988893",
            },
          ],
        },
      },
      "Type": "AWS::CloudFront::Distribution",
    },
  },
}
`;
